
Stability attributes for script /tmp/dtest.99:

	Minimum Probe Description Attributes
		Identifier Names: Unstable
		Data Semantics:   Unstable
		Dependency Class: Common

	Minimum Statement Attributes
		Identifier Names: Private
		Data Semantics:   Private
		Dependency Class: Unknown


